Traceback (most recent call last):
  File "/home/rahlquist/wimpy-setup/tools/resolve_and_fetch_mmproj.py", line 162, in <module>
    sys.exit(main())
             ~~~~^^
  File "/home/rahlquist/wimpy-setup/tools/resolve_and_fetch_mmproj.py", line 136, in main
    download(repo_id, chosen_name, dest)
    ~~~~~~~~^^^^^^^^^^^^^^^^^^^^^^^^^^^^
  File "/home/rahlquist/wimpy-setup/tools/resolve_and_fetch_mmproj.py", line 77, in download
    chunk = resp.read(1 << 20)
  File "/usr/lib/python3.14/http/client.py", line 484, in read
    s = self.fp.read(amt)
  File "/usr/lib/python3.14/socket.py", line 729, in readinto
    return self._sock.recv_into(b)
           ~~~~~~~~~~~~~~~~~~~~^^^
  File "/usr/lib/python3.14/ssl.py", line 1304, in recv_into
    return self.read(nbytes, buffer)
           ~~~~~~~~~^^^^^^^^^^^^^^^^
  File "/usr/lib/python3.14/ssl.py", line 1138, in read
    return self._sslobj.read(len, buffer)
           ~~~~~~~~~~~~~~~~~^^^^^^^^^^^^^
KeyboardInterrupt
